Sample_GS150496_01/GS150496_01_stats_fastq.qcML:    <qualityParameter ID="qp0001" name="read count" description="Total number of reads (forward and reverse reads of paired-end sequencing count as two reads)." value="11262" cvRef="QC" accession="QC:2000005"/>
Sample_GS150496_01/GS150496_01_stats_fastq.qcML:    <qualityParameter ID="qp0002" name="read length" description="Raw read length of a single read before trimming. Comma-separated list of lenghs or length range, if reads have different lengths." value="150" cvRef="QC" accession="QC:2000006"/>
Sample_GS150496_01/GS150496_01_stats_fastq.qcML:    <qualityParameter ID="qp0003" name="bases sequenced (MB)" description="Bases sequenced in total (in megabases)." value="1.69" cvRef="QC" accession="QC:2000049"/>
Sample_GS150496_01/GS150496_01_stats_fastq.qcML:    <qualityParameter ID="qp0004" name="Q20 read percentage" description="The percentage of reads with a mean base quality score greater than Q20." value="99.25" cvRef="QC" accession="QC:2000007"/>
Sample_GS150496_01/GS150496_01_stats_fastq.qcML:    <qualityParameter ID="qp0005" name="Q30 base percentage" description="The percentage of bases with a minimum quality score of Q30." value="82.41" cvRef="QC" accession="QC:2000008"/>
Sample_GS150496_01/GS150496_01_stats_fastq.qcML:    <qualityParameter ID="qp0006" name="no base call percentage" description="The percentage of bases without base call (N)." value="0.02" cvRef="QC" accession="QC:2000009"/>
Sample_GS150496_01/GS150496_01_stats_fastq.qcML:    <qualityParameter ID="qp0007" name="gc content percentage" description="The percentage of bases that are called to be G or C." value="56.68" cvRef="QC" accession="QC:2000010"/>
Sample_GS150496_01/GS150496_01_stats_map.qcML:    <qualityParameter ID="qp0001" name="trimmed base percentage" description="Percentage of bases that were trimmed during to adapter or quality trimming." value="3.92" cvRef="QC" accession="QC:2000019"/>
Sample_GS150496_01/GS150496_01_stats_map.qcML:    <qualityParameter ID="qp0002" name="clipped base percentage" description="Percentage of the bases that are soft-clipped or hand-clipped during mapping." value="0.94" cvRef="QC" accession="QC:2000052"/>
Sample_GS150496_01/GS150496_01_stats_map.qcML:    <qualityParameter ID="qp0003" name="mapped read percentage" description="Percentage of reads that could be mapped to the reference genome." value="99.72" cvRef="QC" accession="QC:2000020"/>
Sample_GS150496_01/GS150496_01_stats_map.qcML:    <qualityParameter ID="qp0004" name="on-target read percentage" description="Percentage of reads that could be mapped to the target region." value="95.75" cvRef="QC" accession="QC:2000021"/>
Sample_GS150496_01/GS150496_01_stats_map.qcML:    <qualityParameter ID="qp0005" name="properly-paired read percentage" description="Percentage of properly paired reads (for paired-end reads only)." value="96.00" cvRef="QC" accession="QC:2000022"/>
Sample_GS150496_01/GS150496_01_stats_map.qcML:    <qualityParameter ID="qp0006" name="insert size" description="Mean insert size (for paired-end reads only)." value="185.35" cvRef="QC" accession="QC:2000023"/>
Sample_GS150496_01/GS150496_01_stats_map.qcML:    <qualityParameter ID="qp0007" name="duplicate read percentage" description="Percentage of reads removed because they were duplicates (PCR, optical, etc)" value="10.43" cvRef="QC" accession="QC:2000024"/>
Sample_GS150496_01/GS150496_01_stats_map.qcML:    <qualityParameter ID="qp0008" name="bases usable (MB)" description="Bases sequenced that are usable for variant calling (in megabases)." value="1.07" cvRef="QC" accession="QC:2000050"/>
Sample_GS150496_01/GS150496_01_stats_map.qcML:    <qualityParameter ID="qp0009" name="target region read depth" description="Average sequencing depth in target region." value="0.85" cvRef="QC" accession="QC:2000025"/>
Sample_GS150496_01/GS150496_01_stats_map.qcML:    <qualityParameter ID="qp0010" name="target region 10x percentage" description="Percentage of the target region that is covered at least 10-fold." value="0.21" cvRef="QC" accession="QC:2000026"/>
Sample_GS150496_01/GS150496_01_stats_map.qcML:    <qualityParameter ID="qp0011" name="target region 20x percentage" description="Percentage of the target region that is covered at least 20-fold." value="0.21" cvRef="QC" accession="QC:2000027"/>
Sample_GS150496_01/GS150496_01_stats_map.qcML:    <qualityParameter ID="qp0012" name="target region 30x percentage" description="Percentage of the target region that is covered at least 30-fold." value="0.21" cvRef="QC" accession="QC:2000028"/>
Sample_GS150496_01/GS150496_01_stats_map.qcML:    <qualityParameter ID="qp0013" name="target region 50x percentage" description="Percentage of the target region that is covered at least 50-fold." value="0.21" cvRef="QC" accession="QC:2000029"/>
Sample_GS150496_01/GS150496_01_stats_map.qcML:    <qualityParameter ID="qp0014" name="target region 100x percentage" description="Percentage of the target region that is covered at least 100-fold." value="0.20" cvRef="QC" accession="QC:2000030"/>
Sample_GS150496_01/GS150496_01_stats_map.qcML:    <qualityParameter ID="qp0015" name="target region 200x percentage" description="Percentage of the target region that is covered at least 200-fold." value="0.18" cvRef="QC" accession="QC:2000031"/>
Sample_GS150496_01/GS150496_01_stats_map.qcML:    <qualityParameter ID="qp0016" name="target region 500x percentage" description="Percentage of the target region that is covered at least 500-fold." value="0.07" cvRef="QC" accession="QC:2000032"/>
Sample_GS150496_01/GS150496_01_stats_map.qcML:    <qualityParameter ID="qp0019" name="SNV allele frequency deviation" description="Percentage of common SNPs that deviate from the expected allele frequency (i.e. 0.0, 0.5 or 1.0 for diploid organisms)" value="n/a" cvRef="QC" accession="QC:2000051"/>
Sample_GS150496_01/GS150496_01_stats_map.qcML:    <qualityParameter ID="qp0020" name="error estimation read depth" description="Average read depth on the special target region used for error estimation after mapping: chr1:152057442-152060019, chr9:5919683-5923309, chr18:19995536-19997774." value="0.00" cvRef="QC" accession="QC:2000033"/>
Sample_GS150496_01/GS150496_01_stats_map.qcML:    <qualityParameter ID="qp0021" name="error estimation N percentage" description="No base call (N) percentage determined on special target region after mapping." value="n/a (average depth too low)" cvRef="QC" accession="QC:2000034"/>
Sample_GS150496_01/GS150496_01_stats_map.qcML:    <qualityParameter ID="qp0022" name="error estimation SNV percentage" description="SNV error percentage determined on special target region after mapping." value="n/a (average depth too low)" cvRef="QC" accession="QC:2000035"/>
Sample_GS150496_01/GS150496_01_stats_map.qcML:    <qualityParameter ID="qp0023" name="error estimation indel percentage" description="INDEL error percentage determined on special target region after mapping." value="n/a (average depth too low)" cvRef="QC" accession="QC:2000036"/>
Sample_GS150496_01/GS150496_01_stats_vc.qcML:    <qualityParameter ID="qp0001" name="variant count" description="Total number of variants in the target region." value="1" cvRef="QC" accession="QC:2000013"/>
Sample_GS150496_01/GS150496_01_stats_vc.qcML:    <qualityParameter ID="qp0002" name="known variants percentage" description="Percentage of variants that are known polymorphisms in the dbSNP database." value="100.00" cvRef="QC" accession="QC:2000014"/>
Sample_GS150496_01/GS150496_01_stats_vc.qcML:    <qualityParameter ID="qp0003" name="high-impact variants percentage" description="Percentage of variants with high impact on the protein, i.e. stop-gain, stop-loss, frameshift, splice-acceptor or splice-donor variants." value="0.00" cvRef="QC" accession="QC:2000015"/>
Sample_GS150496_01/GS150496_01_stats_vc.qcML:    <qualityParameter ID="qp0004" name="homozygous variants percentage" description="Percentage of variants that are called as homozygous." value="0.00" cvRef="QC" accession="QC:2000016"/>
Sample_GS150496_01/GS150496_01_stats_vc.qcML:    <qualityParameter ID="qp0005" name="indel variants percentage" description="Percentage of variants that are insertions/deletions." value="0.00" cvRef="QC" accession="QC:2000017"/>
Sample_GS150496_01/GS150496_01_stats_vc.qcML:    <qualityParameter ID="qp0006" name="transition/transversion ratio" description="Transition/transversion ratio of SNV variants." value="n/a (no variants or tansversions)" cvRef="QC" accession="QC:2000018"/>
Sample_GS150497_01/GS150497_01_stats_fastq.qcML:    <qualityParameter ID="qp0001" name="read count" description="Total number of reads (forward and reverse reads of paired-end sequencing count as two reads)." value="18598" cvRef="QC" accession="QC:2000005"/>
Sample_GS150497_01/GS150497_01_stats_fastq.qcML:    <qualityParameter ID="qp0002" name="read length" description="Raw read length of a single read before trimming. Comma-separated list of lenghs or length range, if reads have different lengths." value="150" cvRef="QC" accession="QC:2000006"/>
Sample_GS150497_01/GS150497_01_stats_fastq.qcML:    <qualityParameter ID="qp0003" name="bases sequenced (MB)" description="Bases sequenced in total (in megabases)." value="2.79" cvRef="QC" accession="QC:2000049"/>
Sample_GS150497_01/GS150497_01_stats_fastq.qcML:    <qualityParameter ID="qp0004" name="Q20 read percentage" description="The percentage of reads with a mean base quality score greater than Q20." value="99.04" cvRef="QC" accession="QC:2000007"/>
Sample_GS150497_01/GS150497_01_stats_fastq.qcML:    <qualityParameter ID="qp0005" name="Q30 base percentage" description="The percentage of bases with a minimum quality score of Q30." value="82.30" cvRef="QC" accession="QC:2000008"/>
Sample_GS150497_01/GS150497_01_stats_fastq.qcML:    <qualityParameter ID="qp0006" name="no base call percentage" description="The percentage of bases without base call (N)." value="0.01" cvRef="QC" accession="QC:2000009"/>
Sample_GS150497_01/GS150497_01_stats_fastq.qcML:    <qualityParameter ID="qp0007" name="gc content percentage" description="The percentage of bases that are called to be G or C." value="57.21" cvRef="QC" accession="QC:2000010"/>
Sample_GS150497_01/GS150497_01_stats_map.qcML:    <qualityParameter ID="qp0001" name="trimmed base percentage" description="Percentage of bases that were trimmed during to adapter or quality trimming." value="4.02" cvRef="QC" accession="QC:2000019"/>
Sample_GS150497_01/GS150497_01_stats_map.qcML:    <qualityParameter ID="qp0002" name="clipped base percentage" description="Percentage of the bases that are soft-clipped or hand-clipped during mapping." value="1.12" cvRef="QC" accession="QC:2000052"/>
Sample_GS150497_01/GS150497_01_stats_map.qcML:    <qualityParameter ID="qp0003" name="mapped read percentage" description="Percentage of reads that could be mapped to the reference genome." value="99.62" cvRef="QC" accession="QC:2000020"/>
Sample_GS150497_01/GS150497_01_stats_map.qcML:    <qualityParameter ID="qp0004" name="on-target read percentage" description="Percentage of reads that could be mapped to the target region." value="95.82" cvRef="QC" accession="QC:2000021"/>
Sample_GS150497_01/GS150497_01_stats_map.qcML:    <qualityParameter ID="qp0005" name="properly-paired read percentage" description="Percentage of properly paired reads (for paired-end reads only)." value="95.29" cvRef="QC" accession="QC:2000022"/>
Sample_GS150497_01/GS150497_01_stats_map.qcML:    <qualityParameter ID="qp0006" name="insert size" description="Mean insert size (for paired-end reads only)." value="182.71" cvRef="QC" accession="QC:2000023"/>
Sample_GS150497_01/GS150497_01_stats_map.qcML:    <qualityParameter ID="qp0007" name="duplicate read percentage" description="Percentage of reads removed because they were duplicates (PCR, optical, etc)" value="18.17" cvRef="QC" accession="QC:2000024"/>
Sample_GS150497_01/GS150497_01_stats_map.qcML:    <qualityParameter ID="qp0008" name="bases usable (MB)" description="Bases sequenced that are usable for variant calling (in megabases)." value="1.56" cvRef="QC" accession="QC:2000050"/>
Sample_GS150497_01/GS150497_01_stats_map.qcML:    <qualityParameter ID="qp0009" name="target region read depth" description="Average sequencing depth in target region." value="1.24" cvRef="QC" accession="QC:2000025"/>
Sample_GS150497_01/GS150497_01_stats_map.qcML:    <qualityParameter ID="qp0010" name="target region 10x percentage" description="Percentage of the target region that is covered at least 10-fold." value="0.21" cvRef="QC" accession="QC:2000026"/>
Sample_GS150497_01/GS150497_01_stats_map.qcML:    <qualityParameter ID="qp0011" name="target region 20x percentage" description="Percentage of the target region that is covered at least 20-fold." value="0.21" cvRef="QC" accession="QC:2000027"/>
Sample_GS150497_01/GS150497_01_stats_map.qcML:    <qualityParameter ID="qp0012" name="target region 30x percentage" description="Percentage of the target region that is covered at least 30-fold." value="0.21" cvRef="QC" accession="QC:2000028"/>
Sample_GS150497_01/GS150497_01_stats_map.qcML:    <qualityParameter ID="qp0013" name="target region 50x percentage" description="Percentage of the target region that is covered at least 50-fold." value="0.21" cvRef="QC" accession="QC:2000029"/>
Sample_GS150497_01/GS150497_01_stats_map.qcML:    <qualityParameter ID="qp0014" name="target region 100x percentage" description="Percentage of the target region that is covered at least 100-fold." value="0.20" cvRef="QC" accession="QC:2000030"/>
Sample_GS150497_01/GS150497_01_stats_map.qcML:    <qualityParameter ID="qp0015" name="target region 200x percentage" description="Percentage of the target region that is covered at least 200-fold." value="0.18" cvRef="QC" accession="QC:2000031"/>
Sample_GS150497_01/GS150497_01_stats_map.qcML:    <qualityParameter ID="qp0016" name="target region 500x percentage" description="Percentage of the target region that is covered at least 500-fold." value="0.11" cvRef="QC" accession="QC:2000032"/>
Sample_GS150497_01/GS150497_01_stats_map.qcML:    <qualityParameter ID="qp0019" name="SNV allele frequency deviation" description="Percentage of common SNPs that deviate from the expected allele frequency (i.e. 0.0, 0.5 or 1.0 for diploid organisms)" value="n/a" cvRef="QC" accession="QC:2000051"/>
Sample_GS150497_01/GS150497_01_stats_map.qcML:    <qualityParameter ID="qp0020" name="error estimation read depth" description="Average read depth on the special target region used for error estimation after mapping: chr1:152057442-152060019, chr9:5919683-5923309, chr18:19995536-19997774." value="0.00" cvRef="QC" accession="QC:2000033"/>
Sample_GS150497_01/GS150497_01_stats_map.qcML:    <qualityParameter ID="qp0021" name="error estimation N percentage" description="No base call (N) percentage determined on special target region after mapping." value="n/a (average depth too low)" cvRef="QC" accession="QC:2000034"/>
Sample_GS150497_01/GS150497_01_stats_map.qcML:    <qualityParameter ID="qp0022" name="error estimation SNV percentage" description="SNV error percentage determined on special target region after mapping." value="n/a (average depth too low)" cvRef="QC" accession="QC:2000035"/>
Sample_GS150497_01/GS150497_01_stats_map.qcML:    <qualityParameter ID="qp0023" name="error estimation indel percentage" description="INDEL error percentage determined on special target region after mapping." value="n/a (average depth too low)" cvRef="QC" accession="QC:2000036"/>
Somatic_GS150497_01-GS150496_01/GS150497_01-GS150496_01_stats_som.qcML:    <qualityParameter ID="qp0001" name="sample correlation" description="SNP-based sample correlation of tumor / normal." value="n/a (too few variants)" cvRef="QC" accession="QC:2000040"/>
Somatic_GS150497_01-GS150496_01/GS150497_01-GS150496_01_stats_som.qcML:    <qualityParameter ID="qp0002" name="variant count" description="Total number of variants in the target region." value="3" cvRef="QC" accession="QC:2000013"/>
Somatic_GS150497_01-GS150496_01/GS150497_01-GS150496_01_stats_som.qcML:    <qualityParameter ID="qp0003" name="somatic variant count" description="Total number of somatic variants in the target region." value="3" cvRef="QC" accession="QC:2000041"/>
Somatic_GS150497_01-GS150496_01/GS150497_01-GS150496_01_stats_som.qcML:    <qualityParameter ID="qp0004" name="known somatic variants percentage" description="Percentage of somatic variants that are listed as germline variants in public datbases (e.g. AF&gt;1% in ExAC)." value="0.00" cvRef="QC" accession="QC:2000045"/>
Somatic_GS150497_01-GS150496_01/GS150497_01-GS150496_01_stats_som.qcML:    <qualityParameter ID="qp0005" name="somatic indel percentage" description="Percentage of somatic variants that are insertions/deletions." value="0.00" cvRef="QC" accession="QC:2000042"/>
Somatic_GS150497_01-GS150496_01/GS150497_01-GS150496_01_stats_som.qcML:    <qualityParameter ID="qp0006" name="somatic transition/transversion ratio" description="Somatic transition/transversion ratio of SNV variants." value="n/a (no variants or transversions)" cvRef="QC" accession="QC:2000043"/>
Somatic_GS150497_01-GS150496_01/GS150497_01-GS150496_01_stats_som.qcML:    <qualityParameter ID="qp0007" name="somatic variant rate" description="Categorized somatic variant rate (high/intermediate/low) followed by the somatic variant rate [variants/Mb] normalized for the target region and corrected for truncating variant(s) in tumor suppressors / oncogenes." value="low (2.39 var/Mb)" cvRef="QC" accession="QC:2000053"/>
Somatic_GS150497_01-GS150496_01/GS150497_01-GS150496_01_stats_som.qcML:    <qualityParameter ID="qp0008" name="tumor content estimate" description="Estimate of tumor content." value="n/a (too few variants)" cvRef="QC" accession="QC:2000054"/>
