chr2	166246710	166246710	A	C	anno_omim;trio_denovo
chr2	179542499	179542499	T	C	anno_omim;trio_denovo
chr3	58157799	58157799	T	G	anno_omim;trio_denovo
chr4	3494898	3494898	C	T	anno_omim;trio_recessive
chr5	138614072	138614072	T	G	anno_omim;trio_denovo
chr12	7048292	7048292	C	T	pred_pathogenic;anno_omim;trio_denovo
chr12	31226934	31226934	C	T	low_MQM;anno_omim;trio_denovo
chrX	39911629	39911629	C	T	anno_omim;trio_hemizygous_chrX
chrX	43605100	43605100	A	-	anno_omim;trio_hemizygous_chrX
chrX	119561929	119561929	A	G	anno_omim;trio_hemizygous_chrX
chrX	135742076	135742076	G	C	anno_omim;trio_denovo
chrX	135742258	135742258	C	T	anno_omim;trio_hemizygous_chrX
chrX	153008675	153008675	G	A	low_MQM;anno_omim;trio_denovo
chrX	153008984	153008984	G	A	low_MQM;pred_pathogenic;anno_omim;trio_denovo
chrX	153009017	153009017	G	A	low_MQM;pred_pathogenic;anno_omim;trio_denovo
chrX	153009140	153009140	C	T	low_MQM;pred_pathogenic;anno_omim;trio_denovo
chrX	153009289	153009289	C	A	anno_omim;trio_denovo
chrX	153009303	153009303	A	G	low_MQM;anno_omim;trio_denovo
chrX	153009304	153009304	A	G	low_MQM;anno_omim;trio_denovo
chrX	153009314	153009314	C	A	low_QUAL;low_MQM;anno_omim;trio_denovo
chrX	153009342	153009342	C	T	low_MQM;anno_omim;trio_denovo
chrX	153009350	153009350	G	A	low_MQM;anno_omim;trio_denovo
chrX	153009352	153009352	A	G	low_MQM;anno_omim;trio_denovo
chrX	153009364	153009364	G	A	low_MQM;anno_omim;trio_denovo
chrX	153009385	153009385	C	G	low_MQM;anno_omim;trio_denovo
chrX	153009386	153009386	G	T	low_MQM;anno_omim;trio_denovo
chrX	153009448	153009448	A	G	low_MQM;anno_omim;trio_denovo
chrX	153009488	153009488	C	T	low_MQM;anno_omim;trio_denovo
chrX	153009665	153009665	A	G	low_MQM;anno_omim;trio_denovo
chrX	153009670	153009670	G	T	low_MQM;anno_omim;trio_denovo
chrX	153009719	153009719	G	A	low_MQM;anno_omim;trio_denovo
chrX	153009769	153009769	C	G	low_MQM;anno_omim;trio_denovo
chrX	153009770	153009770	A	G	low_MQM;anno_omim;trio_denovo
chrX	153009774	153009774	G	A	low_MQM;anno_omim;trio_denovo
chrX	154488153	154488153	C	T	anno_omim;trio_hemizygous_chrX
