##NA12878_03 ref_correl: 0.624 (median: 0.9735)
##NA12878_03 cnvs: nan (median: 5)
##NA12878_03 qc_errors: corr=0.624 
#chr	start	end	sample	size	region_count	region_copy_numbers	region_zscores	region_cnv_af	region_coordinates	overlaps_cnp_region	genes	dosage_sensitive_disease_genes	omim
